// Jest Snapshot v1, https://goo.gl/fbAQLP

exports[`SearchBy renders 1`] = `
<div
  className="search-by"
>
  <span
    className="caption"
  >
    Search by
  </span>
  <SearchModeButton
    mode="title"
  >
    Title
  </SearchModeButton>
  <SearchModeButton
    mode="genres"
  >
    Genre
  </SearchModeButton>
</div>
`;
