// Jest Snapshot v1, https://goo.gl/fbAQLP

exports[`SortControls renders 1`] = `
<div
  className="sort-controls"
>
  Sort by
  <SortItem
    active={true}
    onClick={[Function]}
  >
    release date
  </SortItem>
  <SortItem
    active={false}
    onClick={[Function]}
  >
    rating
  </SortItem>
</div>
`;
