// Jest Snapshot v1, https://goo.gl/fbAQLP

exports[`SortControls renders 1`] = `
<div
  className="sort-controls"
>
  Sort by
  <SortItem
    onClick={[Function]}
    sortBy="release_date"
  >
    release date
  </SortItem>
  <SortItem
    onClick={[Function]}
    sortBy="vote_average"
  >
    rating
  </SortItem>
</div>
`;
